src/components/home/hero.tsx(88,23): error TS2322: Type '{ delay: number; }' is not assignable to type 'IntrinsicAttributes & LineProps'.
  Property 'delay' does not exist on type 'IntrinsicAttributes & LineProps'.
src/components/layout/intro-loader.tsx(54,54): error TS2322: Type 'number[]' is not assignable to type 'Easing | Easing[] | undefined'.
  Type 'number[]' is not assignable to type 'EasingFunction | Easing[]'.
    Type 'number[]' is not assignable to type 'Easing[]'.
      Type 'number' is not assignable to type 'Easing'.
src/components/layout/intro-loader.tsx(73,83): error TS2322: Type 'number[]' is not assignable to type 'Easing | Easing[] | undefined'.
  Type 'number[]' is not assignable to type 'EasingFunction | Easing[]'.
    Type 'number[]' is not assignable to type 'Easing[]'.
      Type 'number' is not assignable to type 'Easing'.
src/components/layout/intro-loader.tsx(120,54): error TS2322: Type 'number[]' is not assignable to type 'Easing | Easing[] | undefined'.
  Type 'number[]' is not assignable to type 'EasingFunction | Easing[]'.
    Type 'number[]' is not assignable to type 'Easing[]'.
      Type 'number' is not assignable to type 'Easing'.
src/components/layout/intro-loader.tsx(130,83): error TS2322: Type 'number[]' is not assignable to type 'Easing | Easing[] | undefined'.
  Type 'number[]' is not assignable to type 'EasingFunction | Easing[]'.
    Type 'number[]' is not assignable to type 'Easing[]'.
      Type 'number' is not assignable to type 'Easing'.
